Data Index: 2
Response:
{
    "舒适度": {
        "关键词": ["堵死"],
        "权重": [0.8],
        "情感分类": ["负面"],
        "情绪强度": [80]
    },
    "经济度": {},
    "拥挤度": {
        "关键词": ["堵点", "堵死了", "半个小时挪了1，2百米"],
        "权重": [0.7, 0.9, 0.6],
        "情感分类": ["负面", "负面", "负面"],
        "情绪强度": [70, 90, 60]
    }
}
``` 

请注意，这里的综合评分为根据给出的维度计算得出，实际应用中可能需要更多的维度和关键词来更全面地评估。根据现有数据，综合评分为：

```json
{
    "综合评分": 75
}
--------------------------------------------------------------------------------
Data Index: 74
Response:
{
    "舒适度": {
        "关键词": ["崩溃", "心态还好", "哭"],
        "权重": [0.8, 0.2, 0.9],
        "情感分类": ["负面", "中性", "负面"],
        "情绪强度": [80, 30, 90]
    },
    "经济度": {},
    "拥挤度": {
        "关键词": ["塞车", "很塞车", "车厢拥挤"],
        "权重": [0.7, 0.8, 0.6],
        "情感分类": ["负面", "负面", "负面"],
        "情绪强度": [70, 80, 60]
    }
}  
{
    "综合评分": 68
}
--------------------------------------------------------------------------------
Data Index: 133
Response:
{
    "舒适度": [
        {
            "关键词": "习惯",
            "权重": 0.8,
            "情感分类": "正面",
            "情绪强度": 75
        }
    ],
    "经济度": [],
    "拥挤度": [
        {
            "关键词": "堵",
            "权重": 0.9,
            "情感分类": "负面",
            "情绪强度": 85
        },
        {
            "关键词": "干坐着",
            "权重": 0.7,
            "情感分类": "负面",
            "情绪强度": 65
        }
    ]
}
{
    "综合评分": 68
}
--------------------------------------------------------------------------------
Data Index: 243
Response:
{
    "舒适度": {
        "关键词": ["交通管制"],
        "权重": [0.8],
        "情感分类": ["负面"],
        "情绪强度": [85]
    },
    "经济度": {
        "关键词": [],
        "权重": [],
        "情感分类": [],
        "情绪强度": []
    },
    "拥挤度": {
        "关键词": ["堵", "车厢拥挤"],
        "权重": [0.6, 0.7],
        "情感分类": ["负面", "负面"],
        "情绪强度": [70, 75]
    }
} 
{
    "综合评分": -1
}
--------------------------------------------------------------------------------
